﻿
> curriculo-anti-robo@0.0.0 build
> tsc -b && vite build

[36mvite v8.0.1 [32mbuilding client environment for production...[36m[39m
[2K
transforming...Ô£ô 19 modules transformed.
rendering chunks...
computing gzip size...
dist/index.html                          0.48 kB Ôöé gzip:   0.31 kB
dist/assets/pdf.worker-CliDBb4N.mjs  2,174.48 kB
dist/assets/index-Bs3UQfD5.css          10.62 kB Ôöé gzip:   2.79 kB
dist/assets/index-B_f5s1w4.js          631.77 kB Ôöé gzip: 189.09 kB

[32mÔ£ô built in 437ms[39m
node.exe : 
[33m[plugin 
builtin:vite-reporter] 
No C:\Users\JayChouDev\
AppData\Roaming\npm\npm
.ps1:24 caractere:5
+     & "node$exe"  "$b
asedir/node_modules/npm
/bin/npm-cli.js" $args
+     ~~~~~~~~~~~~~~~~~
~~~~~~~~~~~~~~~~~~~~~~~
~~~~~~~~~~~~~~~~~~~~~~
    + CategoryInfo     
         : NotSpecifi  
  ed: ([33m[plugin    
 builtin:vite-repor    
ter] :String) [],     
RemoteException
    + FullyQualifiedEr 
   rorId : NativeComm  
  andError
 
(!) Some chunks are 
larger than 500 kB 
after minification. 
Consider:
- Using dynamic 
import() to code-split 
the application
- Use build.rolldownOpt
ions.output.codeSplitti
ng to improve 
chunking: https://rolld
own.rs/reference/Output
Options.codeSplitting
- Adjust chunk size 
limit for this warning 
via build.chunkSizeWarn
ingLimit.[39m
